// Vitest Snapshot v1, https://vitest.dev/guide/snapshot.html

exports[`VAMAS > snapshot 1`] = `
{
  "foo": "bar",
}
`;

exports[`VAMAS Header > snapshot 1`] = `
{
  "foo": "bar",
}
`;
